<?php return array (
  0 => 'Symfony\\Bundle\\FrameworkBundle\\Templating\\GlobalVariables',
  1 => 'Symfony\\Bundle\\FrameworkBundle\\Templating\\TemplateReference',
  2 => 'Symfony\\Bundle\\FrameworkBundle\\Templating\\TemplateNameParser',
  3 => 'Symfony\\Bundle\\FrameworkBundle\\Templating\\Loader\\TemplateLocator',
  4 => 'Symfony\\Component\\Routing\\Generator\\UrlGenerator',
  5 => 'Symfony\\Component\\Routing\\RequestContext',
  6 => 'Symfony\\Component\\Routing\\Router',
  7 => 'Symfony\\Bundle\\FrameworkBundle\\Routing\\RedirectableUrlMatcher',
  8 => 'Acme\\DemoBundle\\Router\\ApiRouter',
  9 => 'Symfony\\Component\\Config\\FileLocator',
  10 => 'Symfony\\Component\\Debug\\ErrorHandler',
  11 => 'Symfony\\Component\\EventDispatcher\\Event',
  12 => 'Symfony\\Component\\EventDispatcher\\ContainerAwareEventDispatcher',
  13 => 'Symfony\\Component\\HttpKernel\\EventListener\\ResponseListener',
  14 => 'Symfony\\Component\\HttpKernel\\EventListener\\RouterListener',
  15 => 'Symfony\\Component\\HttpKernel\\Controller\\ControllerResolver',
  16 => 'Symfony\\Component\\HttpKernel\\Event\\KernelEvent',
  17 => 'Symfony\\Component\\HttpKernel\\Event\\FilterControllerEvent',
  18 => 'Symfony\\Component\\HttpKernel\\Event\\FilterResponseEvent',
  19 => 'Symfony\\Component\\HttpKernel\\Event\\GetResponseEvent',
  20 => 'Symfony\\Component\\HttpKernel\\Event\\GetResponseForControllerResultEvent',
  21 => 'Symfony\\Component\\HttpKernel\\Event\\GetResponseForExceptionEvent',
  22 => 'Symfony\\Component\\HttpKernel\\KernelEvents',
  23 => 'Symfony\\Component\\HttpKernel\\Config\\FileLocator',
  24 => 'Symfony\\Bundle\\FrameworkBundle\\Controller\\ControllerNameParser',
  25 => 'Symfony\\Bundle\\FrameworkBundle\\Controller\\ControllerResolver',
  26 => 'Symfony\\Component\\Security\\Http\\Firewall',
  27 => 'Symfony\\Component\\Security\\Core\\SecurityContext',
  28 => 'Symfony\\Component\\Security\\Core\\User\\UserProviderInterface',
  29 => 'Symfony\\Component\\Security\\Core\\Authentication\\AuthenticationProviderManager',
  30 => 'Symfony\\Component\\Security\\Core\\Authentication\\Token\\Storage\\TokenStorage',
  31 => 'Symfony\\Component\\Security\\Core\\Authorization\\AccessDecisionManager',
  32 => 'Symfony\\Component\\Security\\Core\\Authorization\\AuthorizationChecker',
  33 => 'Symfony\\Component\\Security\\Core\\Authorization\\Voter\\VoterInterface',
  34 => 'Symfony\\Bundle\\SecurityBundle\\Security\\FirewallMap',
  35 => 'Symfony\\Bundle\\SecurityBundle\\Security\\FirewallContext',
  36 => 'Symfony\\Component\\HttpFoundation\\RequestMatcher',
  37 => 'Twig_Environment',
  38 => 'Twig_Extension',
  39 => 'Twig_Extension_Core',
  40 => 'Twig_Extension_Escaper',
  41 => 'Twig_Extension_Optimizer',
  42 => 'Twig_LoaderInterface',
  43 => 'Twig_Markup',
  44 => 'Twig_Template',
  45 => 'Monolog\\Formatter\\FormatterInterface',
  46 => 'Monolog\\Formatter\\LineFormatter',
  47 => 'Monolog\\Handler\\HandlerInterface',
  48 => 'Monolog\\Handler\\AbstractHandler',
  49 => 'Monolog\\Handler\\AbstractProcessingHandler',
  50 => 'Monolog\\Handler\\StreamHandler',
  51 => 'Monolog\\Handler\\FingersCrossedHandler',
  52 => 'Monolog\\Handler\\FilterHandler',
  53 => 'Monolog\\Handler\\TestHandler',
  54 => 'Monolog\\Logger',
  55 => 'Symfony\\Bridge\\Monolog\\Logger',
  56 => 'Symfony\\Bridge\\Monolog\\Handler\\DebugHandler',
  57 => 'Monolog\\Handler\\FingersCrossed\\ActivationStrategyInterface',
  58 => 'Monolog\\Handler\\FingersCrossed\\ErrorLevelActivationStrategy',
  59 => 'Symfony\\Bundle\\AsseticBundle\\DefaultValueSupplier',
  60 => 'Symfony\\Bundle\\AsseticBundle\\Factory\\AssetFactory',
  61 => 'Doctrine\\Common\\Annotations\\DocLexer',
  62 => 'Doctrine\\Common\\Annotations\\FileCacheReader',
  63 => 'Doctrine\\Common\\Annotations\\PhpParser',
  64 => 'Doctrine\\Common\\Annotations\\Reader',
  65 => 'Doctrine\\Common\\Lexer',
  66 => 'Doctrine\\Common\\Persistence\\ConnectionRegistry',
  67 => 'Doctrine\\Common\\Persistence\\Proxy',
  68 => 'Doctrine\\Common\\Util\\ClassUtils',
  69 => 'Doctrine\\Bundle\\DoctrineBundle\\Registry',
  70 => 'Sensio\\Bundle\\FrameworkExtraBundle\\EventListener\\ControllerListener',
  71 => 'Sensio\\Bundle\\FrameworkExtraBundle\\EventListener\\ParamConverterListener',
  72 => 'Sensio\\Bundle\\FrameworkExtraBundle\\Request\\ParamConverter\\DateTimeParamConverter',
  73 => 'Sensio\\Bundle\\FrameworkExtraBundle\\Request\\ParamConverter\\DoctrineParamConverter',
  74 => 'Sensio\\Bundle\\FrameworkExtraBundle\\Request\\ParamConverter\\ParamConverterInterface',
  75 => 'Sensio\\Bundle\\FrameworkExtraBundle\\Request\\ParamConverter\\ParamConverterManager',
  76 => 'Sensio\\Bundle\\FrameworkExtraBundle\\EventListener\\HttpCacheListener',
  77 => 'Sensio\\Bundle\\FrameworkExtraBundle\\EventListener\\SecurityListener',
  78 => 'Sensio\\Bundle\\FrameworkExtraBundle\\Configuration\\ConfigurationAnnotation',
);